# Level 2
#  A level designed to trick the user and put the learned concepts in practice.
#
# Map codes:
#   0 - BLACK
#   1 - GREEN
#   2 - BLUE
#   3 - RED
#   5 - Yellow
#   V - BLUE Spikes
#   A - RED Spikes
#   W - Level Portal
#   | - Boundary
|                                                                                  |
|                                                    AVAVAVAVAVAV                  |
|     13331111111111111112222222222222222222222222222555555555555    W             |
|     1                                                         5                  |
|     1                                                         5          2222    |
|2222 11111111111111133332222255555552222225555555555555233322225                  |
|                              1                                5                  |
|                              1             1 1  111  1    111 5               333|
|                              1             1 1  1 1  1    1 1 5                  |
|    3333                      5             111  1 1  1    111 5                  |
|                              5             1 1  1 1  1    1 1 5                  |
|                           3335             1 1  111  111  1 1 5           222    |
|          111  22222          5                                5                  |
|                              5     22222                      5                  |
|                              5                      55555555555                  |
|                       3333   5                                2   AAAAA       111|
|                              5                                2   22222          |
|                              5                                2                  |
|     W                        5                                2                  |
|00000000000000000000000000000000                  00000000000000000AAAAAAAA0000000|
|00000000000000000000000000000000                  00000000000000000        0000000|
